#-----------------------------------------------------------
# Vivado v2024.1 (64-bit)
# SW Build 5076996 on Wed May 22 18:37:14 MDT 2024
# IP Build 5075265 on Wed May 22 21:45:21 MDT 2024
# SharedData Build 5076995 on Wed May 22 18:29:18 MDT 2024
# Start of session at: Fri Nov 29 11:12:42 2024
# Process ID: 8028
# Current directory: D:/verilog/project1/spi_zed/spi_zed.runs/synth_1
# Command line: vivado.exe -log spi.vds -product Vivado -mode batch -messageDb vivado.pb -notrace -source spi.tcl
# Log file: D:/verilog/project1/spi_zed/spi_zed.runs/synth_1/spi.vds
# Journal file: D:/verilog/project1/spi_zed/spi_zed.runs/synth_1\vivado.jou
# Running On        :gurukarunya
# Platform          :Windows Server 2016 or Windows 10
# Operating System  :22631
# Processor Detail  :11th Gen Intel(R) Core(TM) i5-11400H @ 2.70GHz
# CPU Frequency     :2688 MHz
# CPU Physical cores:6
# CPU Logical cores :12
# Host memory       :8210 MB
# Swap memory       :11811 MB
# Total Virtual     :20021 MB
# Available Virtual :4293 MB
#-----------------------------------------------------------
source spi.tcl -notrace
